<Mappings><Entry OldName="C:\Users\m4800\Documents\Visual Studio 2015\Projects\PGA.Sv.PostAudit\PGA.Sv.PostAudit\Active.cs" NewName="File0" />
<Entry OldName="C:\Users\m4800\Documents\Visual Studio 2015\Projects\PGA.Sv.PostAudit\PGA.Sv.PostAudit\DataBaseRepository.cs" NewName="File1" />
<Entry OldName="C:\Users\m4800\Documents\Visual Studio 2015\Projects\PGA.Sv.PostAudit\PGA.Sv.PostAudit\LoggerRepository.cs" NewName="File2" />
<Entry OldName="C:\Users\m4800\Documents\Visual Studio 2015\Projects\PGA.Sv.PostAudit\PGA.Sv.PostAudit\PostAudit.cs" NewName="File3" />
<Entry OldName="C:\Users\m4800\Documents\Visual Studio 2015\Projects\PGA.Sv.PostAudit\PGA.Sv.PostAudit\SettingsRepository.cs" NewName="File4" />
<Entry OldName="C:\Users\m4800\Documents\Visual Studio 2015\Projects\PGA.DrawingWatcher\PGA.DrawingWatcher\Watcher.cs" NewName="File5" />
<Assembly Name="PGA.DrawingWatcher"><Type Token="33554433" Name="&lt;Module&gt;" />
<Method Token="100663297" Name="" Variables="" ParamCnt="0" />
<Type Token="33554434" Name="PGA.DrawingWatcher.Watcher" />
<Method Token="100663298" Name=".cctor" Variables="" ParamCnt="0" />
<Method Token="100663299" Name="StartWatcher" Variables="" ParamCnt="0" />
<Method Token="100663300" Name="StoptWatcher" Variables="" ParamCnt="0" />
<Field Token="67108865" Name="TM_Watcher" />
<Type Token="33554436" Name="PGA.DrawingWatcher.TimerClass" />
<Method Token="100663302" Name=".ctor" Variables="this;ex;" ParamCnt="1" />
<Method Token="100663303" Name=".cctor" Variables="" ParamCnt="0" />
<Method Token="100663304" Name="TimerEventProcessor" Variables="sender;myEventArgs;commands;V_1;V_2;V_3;V_4;V_5;ex2;ex2;" ParamCnt="2" />
<Method Token="100663305" Name="WrapUpOperations" Variables="cmd;ex;" ParamCnt="0" />
<Method Token="100663306" Name="WrapUpOperations" Variables="tm;cmd;ex;" ParamCnt="1" />
<Field Token="67108866" Name="myTimer" />
<Field Token="67108867" Name="alarmCounter" />
<Field Token="67108868" Name="exitFlag" />
<Field Token="67108869" Name="MaxDWGs" />
<Field Token="67108870" Name="MaxDXFs" />
<Field Token="67108871" Name="TotalDWGs" />
<Field Token="67108872" Name="_postAudit" />
<Type Token="33554435" Name="A.AssemblyInfoAttribute" />
<Method Token="100663301" Name="" Variables="this;str;" ParamCnt="2" />
</Assembly><Assembly Name="PGA.Sv.PostAudit"><Type Token="33554433" Name="&lt;Module&gt;" />
<Type Token="33554434" Name="PGA.Sv.PostAudit.Active" />
<Method Token="100663297" Name="get_Editor" Variables="V_0;" ParamCnt="0" />
<Method Token="100663298" Name="get_Document" Variables="V_0;" ParamCnt="0" />
<Method Token="100663299" Name="get_Database" Variables="V_0;" ParamCnt="0" />
<Method Token="100663300" Name="WriteMessage" Variables="message;" ParamCnt="1" />
<Method Token="100663301" Name="WriteMessage" Variables="message;parameter;" ParamCnt="2" />
<Method Token="100663302" Name="get_ActiveCivilDocument" Variables="V_0;" ParamCnt="0" />
<Method Token="100663303" Name="get_WorkingDatabase" Variables="V_0;" ParamCnt="0" />
<Method Token="100663304" Name="StartTransaction" Variables="V_0;" ParamCnt="0" />
<Method Token="100663305" Name="get_MdiDocument" Variables="V_0;" ParamCnt="0" />
<Type Token="33554436" Name="PGA.Sv.PostAudit.DataBaseRepository" />
<Method Token="100663307" Name=".ctor" Variables="this;" ParamCnt="1" />
<Method Token="100663308" Name="GetSettings" Variables="this;dt;" ParamCnt="2" />
<Field Token="67108865" Name="_logger" />
<Type Token="33554437" Name="PGA.Sv.PostAudit.IDatabase" />
<Method Token="100663309" Name="GetSettings" Variables="this;dt;" ParamCnt="2" />
<Type Token="33554438" Name="PGA.Sv.PostAudit.ILogger" />
<Method Token="100663310" Name="LogException" Variables="this;message;ex;" ParamCnt="3" />
<Method Token="100663311" Name="LogException" Variables="this;ex;" ParamCnt="2" />
<Method Token="100663312" Name="AddLog" Variables="this;message;" ParamCnt="2" />
<Type Token="33554439" Name="PGA.Sv.PostAudit.ISettings" />
<Method Token="100663313" Name="GetSettings" Variables="this;" ParamCnt="1" />
<Method Token="100663314" Name="GetSettings" Variables="this;dt;" ParamCnt="2" />
<Type Token="33554440" Name="PGA.Sv.PostAudit.LoggerRepository" />
<Method Token="100663315" Name=".ctor" Variables="this;" ParamCnt="1" />
<Method Token="100663316" Name="AddLog" Variables="this;message;ex;V_1;" ParamCnt="2" />
<Method Token="100663317" Name="LogException" Variables="this;ex;V_0;" ParamCnt="2" />
<Method Token="100663318" Name="LogException" Variables="this;message;ex;V_0;" ParamCnt="3" />
<Type Token="33554441" Name="PGA.Sv.PostAudit.PostAudit" />
<Method Token="100663319" Name=".ctor" Variables="this;" ParamCnt="1" />
<Method Token="100663320" Name=".ctor" Variables="this;dt;filepath;" ParamCnt="3" />
<Method Token="100663321" Name="TestingExportToCad" Variables="this;" ParamCnt="1" />
<Method Token="100663322" Name="InitializeExportToCad" Variables="this;commands;records;V_2;V_3;ex;" ParamCnt="1" />
<Method Token="100663323" Name="GetSportVisionDir" Variables="this;curdir;dirout;split;V_2;V_3;d;V_5;V_6;V_7;" ParamCnt="2" />
<Method Token="100663324" Name="ProcessFiles" Variables="this;V_0;V_1;d;V_3;V_4;ex;" ParamCnt="1" />
<Method Token="100663325" Name="ProcessSurfaceFiles" Variables="this;sdir;directory;files;filtered;Rfile;ex;" ParamCnt="3" />
<Method Token="100663326" Name="ProcessPolylineFiles" Variables="this;target;directory;files;filtered;Rfile;fileName;V_4;source;V_6;destFile;V_8;ex;" ParamCnt="3" />
<Method Token="100663327" Name="ProcessCombinedFiles" Variables="this;target;directory;files;filtered;Rfile;fileName;V_4;source;V_6;destFile;V_8;ex;" ParamCnt="3" />
<Method Token="100663328" Name="GetRFile" Variables="this;files;V_0;V_1;file;filename;ext;V_5;V_6;" ParamCnt="2" />
<Method Token="100663329" Name="CreateDirectories" Variables="this;dirs;V_1;d;V_3;ex;" ParamCnt="1" />
<Method Token="100663330" Name="DeletePoly2D3DObjects" Variables="this;source;dest;drawingName;eraseOrig;oldDb;V_2;db;output;dxfout;tr;selected;objs;V_9;so;ent;V_12;V_13;V_14;ex;" ParamCnt="4" />
<Method Token="100663331" Name="SaveAsDxf" Variables="this;source;dest;drawingName;oldDb;V_1;db;dxfout;ex;" ParamCnt="4" />
<Method Token="100663332" Name="SaveAsDxf" Variables="this;source;dest;oldDb;V_1;db;filename;destPath;dxfout;ex;" ParamCnt="3" />
<Field Token="67108866" Name="_settings" />
<Field Token="67108867" Name="_logger" />
<Field Token="67108868" Name="_database" />
<Field Token="67108869" Name="_datetime" />
<Field Token="67108870" Name="_directory" />
<Field Token="67108871" Name="_cdir" />
<Field Token="67108872" Name="_sdir" />
<Field Token="67108873" Name="_pdir" />
<Type Token="33554442" Name="PGA.Sv.PostAudit.Program" />
<Method Token="100663333" Name=".ctor" Variables="this;" ParamCnt="1" />
<Type Token="33554443" Name="PGA.Sv.PostAudit.SettingsRepository" />
<Method Token="100663334" Name=".ctor" Variables="this;" ParamCnt="1" />
<Method Token="100663335" Name="GetSettings" Variables="this;" ParamCnt="1" />
<Method Token="100663336" Name="GetSettings" Variables="this;dt;commands;V_1;" ParamCnt="2" />
<Field Token="67108874" Name="_settings" />
<Type Token="33554444" Name="PGA.Sv.PostAudit.PostAudit/&lt;&gt;c" />
<Method Token="100663337" Name=".cctor" Variables="" ParamCnt="0" />
<Method Token="100663338" Name=".ctor" Variables="this;" ParamCnt="1" />
<Method Token="100663339" Name="&lt;InitializeExportToCad&gt;b__11_0" Variables="this;p;" ParamCnt="2" />
<Method Token="100663340" Name="&lt;InitializeExportToCad&gt;b__11_1" Variables="this;p;" ParamCnt="2" />
<Method Token="100663341" Name="&lt;ProcessSurfaceFiles&gt;b__14_0" Variables="this;p;" ParamCnt="2" />
<Method Token="100663342" Name="&lt;ProcessPolylineFiles&gt;b__15_0" Variables="this;p;" ParamCnt="2" />
<Method Token="100663343" Name="&lt;ProcessCombinedFiles&gt;b__16_0" Variables="this;p;" ParamCnt="2" />
<Field Token="67108875" Name="&lt;&gt;9" />
<Field Token="67108876" Name="&lt;&gt;9__11_0" />
<Field Token="67108877" Name="&lt;&gt;9__11_1" />
<Field Token="67108878" Name="&lt;&gt;9__14_0" />
<Field Token="67108879" Name="&lt;&gt;9__15_0" />
<Field Token="67108880" Name="&lt;&gt;9__16_0" />
<Type Token="33554435" Name="A.AssemblyInfoAttribute" />
<Method Token="100663306" Name="" Variables="this;str;" ParamCnt="2" />
</Assembly><File OldName="C:\Users\m4800\Documents\Visual Studio 2015\Projects\PGA.Sv.PostAudit\PGA.Sv.PostAudit\Active.cs" NewName="File0" />
<File OldName="C:\Users\m4800\Documents\Visual Studio 2015\Projects\PGA.Sv.PostAudit\PGA.Sv.PostAudit\DataBaseRepository.cs" NewName="File1" />
<File OldName="C:\Users\m4800\Documents\Visual Studio 2015\Projects\PGA.Sv.PostAudit\PGA.Sv.PostAudit\LoggerRepository.cs" NewName="File2" />
<File OldName="C:\Users\m4800\Documents\Visual Studio 2015\Projects\PGA.Sv.PostAudit\PGA.Sv.PostAudit\PostAudit.cs" NewName="File3" />
<File OldName="C:\Users\m4800\Documents\Visual Studio 2015\Projects\PGA.Sv.PostAudit\PGA.Sv.PostAudit\SettingsRepository.cs" NewName="File4" />
<File OldName="C:\Users\m4800\Documents\Visual Studio 2015\Projects\PGA.DrawingWatcher\PGA.DrawingWatcher\Watcher.cs" NewName="File5" />
</Mappings>