<Mappings><Assembly Name="PGA.DrawingWatcher"><Type Token="33554433" Name="&lt;Module&gt;" />
<Method Token="100663297" Name="" Variables="" ParamCnt="0" />
<Type Token="33554434" Name="PGA.DrawingWatcher.Watcher" />
<Method Token="100663298" Name=".cctor" Variables="" ParamCnt="0" />
<Method Token="100663299" Name="StartWatcher" Variables="" ParamCnt="0" />
<Method Token="100663300" Name="StoptWatcher" Variables="" ParamCnt="0" />
<Field Token="67108865" Name="TM_Watcher" />
<Type Token="33554436" Name="PGA.DrawingWatcher.TimerClass" />
<Method Token="100663302" Name=".ctor" Variables="this;ex;" ParamCnt="1" />
<Method Token="100663303" Name=".cctor" Variables="" ParamCnt="0" />
<Method Token="100663304" Name="TimerEventProcessor" Variables="sender;myEventArgs;commands;V_1;V_2;V_3;V_4;V_5;V_6;ex2;ex2;" ParamCnt="2" />
<Method Token="100663305" Name="WrapUpOperations" Variables="cmd;ex;" ParamCnt="0" />
<Method Token="100663306" Name="WrapUpOperations" Variables="tm;cmd;ex;" ParamCnt="1" />
<Field Token="67108866" Name="myTimer" />
<Field Token="67108867" Name="alarmCounter" />
<Field Token="67108868" Name="exitFlag" />
<Field Token="67108869" Name="MaxDWGs" />
<Field Token="67108870" Name="MaxDXFs" />
<Field Token="67108871" Name="TotalDWGs" />
<Type Token="33554435" Name="A.AssemblyInfoAttribute" />
<Method Token="100663301" Name="" Variables="this;str;" ParamCnt="2" />
</Assembly></Mappings>