<Mappings><Entry OldName="PGA.SV30MOffset.PolylineExtension.&lt;&gt;c.&lt;&gt;9" NewName="PGA.SV30MOffset.PolylineExtension.&lt;&gt;c.c8baf0cf780e15d6c5ec213b5a6b3dcde" />
<Entry OldName="PGA.SV30MOffset.PolylineExtension.&lt;&gt;c.&lt;&gt;9__1_0" NewName="PGA.SV30MOffset.PolylineExtension.&lt;&gt;c.cad0d723661364ce9d4772e3e8cb77f69" />
<Entry OldName="PGA.SV30MOffset.PolylineExtension.&lt;&gt;c.&lt;&gt;9__1_1" NewName="PGA.SV30MOffset.PolylineExtension.&lt;&gt;c.c70c4e71cb894ef5554822ce91e35f628" />
<Entry OldName="PGA.SV30MOffset.PolylineExtension.&lt;&gt;c.&lt;&gt;9__2_0" NewName="PGA.SV30MOffset.PolylineExtension.&lt;&gt;c.c99cffedcc39b1b54fadb86807a7e2c27" />
<Entry OldName="PGA.SV30MOffset.PolylineExtension.&lt;&gt;c.&lt;&gt;9__2_1" NewName="PGA.SV30MOffset.PolylineExtension.&lt;&gt;c.c888968f8b8287a9abb63cd9958aa234e" />
<Entry OldName="PGA.SV30MOffset.PolylineExtension.&lt;&gt;c.&lt;&gt;9__2_2" NewName="PGA.SV30MOffset.PolylineExtension.&lt;&gt;c.ce0b2c170016bfd8055140e486dd374ce" />
<Entry OldName="PGA.SV30MOffset.PolylineExtension.&lt;&gt;c.&lt;&gt;9__2_3" NewName="PGA.SV30MOffset.PolylineExtension.&lt;&gt;c.c464b7da1837c47028c1018b9b0844801" />
<Entry OldName="PGA.SV30MOffset.Program.&lt;&gt;c.&lt;&gt;9" NewName="PGA.SV30MOffset.Program.&lt;&gt;c.c8baf0cf780e15d6c5ec213b5a6b3dcde" />
<Entry OldName="PGA.SV30MOffset.Program.&lt;&gt;c.&lt;&gt;9__14_0" NewName="PGA.SV30MOffset.Program.&lt;&gt;c.c5e7bb7b7b533bf52cafa54c810a6c6db" />
<Entry OldName="PGA.SV30MOffset.Program.&lt;&gt;c.&lt;&gt;9__23_0" NewName="PGA.SV30MOffset.Program.&lt;&gt;c.c63bee9502c006fcfd0ef74dc1b98c37d" />
<Entry OldName="PGA.SV30MOffset.Program.&lt;&gt;c.&lt;&gt;9__29_0" NewName="PGA.SV30MOffset.Program.&lt;&gt;c.c85c13ab6d480c13792ef9b5014ba76cc" />
<Entry OldName="PGA.SV30MOffset.Program.&lt;&gt;c.&lt;&gt;9__29_1" NewName="PGA.SV30MOffset.Program.&lt;&gt;c.c2f878534ebafcd69bc42bb4b49ad604c" />
<Entry OldName="PGA.SV30MOffset.Program.&lt;&gt;c.&lt;&gt;9__37_0" NewName="PGA.SV30MOffset.Program.&lt;&gt;c.c021b12a3a5d12c0ce9400463b41d50da" />
<Entry OldName="PGA.SV30MOffset.Program.&lt;&gt;c.&lt;&gt;9__42_0" NewName="PGA.SV30MOffset.Program.&lt;&gt;c.c5fc00de41baa13a4d6ae2043b9ed74fa" />
<Entry OldName="PGA.SV30MOffset.Program.&lt;&gt;c.&lt;&gt;9__51_1" NewName="PGA.SV30MOffset.Program.&lt;&gt;c.ccb1b5c25fc52365b09e4f28446a552d3" />
<Entry OldName="PGA.SV30MOffset.Program.&lt;&gt;c.&lt;&gt;9__52_0" NewName="PGA.SV30MOffset.Program.&lt;&gt;c.c1e9f62f967de649535fe4d9c64c3e6e0" />
<Entry OldName="PGA.SV30MOffset.Program.&lt;&gt;c.&lt;&gt;9__52_2" NewName="PGA.SV30MOffset.Program.&lt;&gt;c.c8a8406b9b55e6702928be8222e9d6465" />
<Entry OldName="PGA.SV30MOffset.Program.&lt;&gt;c.&lt;&gt;9__52_3" NewName="PGA.SV30MOffset.Program.&lt;&gt;c.c3232e21e790c528fec94934781a36d79" />
<Entry OldName="PGA.SV30MOffset.Program.&lt;&gt;c.&lt;&gt;9__56_0" NewName="PGA.SV30MOffset.Program.&lt;&gt;c.c3158d9ada77dcf9f8c979c7bff696c4c" />
<Entry OldName="PGA.SV30MOffset.Program.&lt;&gt;c.&lt;&gt;9__57_1" NewName="PGA.SV30MOffset.Program.&lt;&gt;c.c6c766466e21db7df8f8eccddded205fe" />
<Entry OldName="PGA.SV30MOffset.Program.&lt;&gt;c.&lt;&gt;9__71_0" NewName="PGA.SV30MOffset.Program.&lt;&gt;c.cade502e702f0ff5836988981ef104070" />
<Entry OldName="PGA.SV30MOffset.Program.&lt;&gt;c.&lt;&gt;9__71_1" NewName="PGA.SV30MOffset.Program.&lt;&gt;c.ce9dd721c73e814cdc50680a056eed1ce" />
<Entry OldName="PGA.SV30MOffset.Program.&lt;&gt;c.&lt;&gt;9__71_2" NewName="PGA.SV30MOffset.Program.&lt;&gt;c.ce4fc9850f4b44d0725052ccfbb6b738d" />
<Entry OldName="PGA.SV30MOffset.Program.&lt;&gt;c.&lt;&gt;9__71_3" NewName="PGA.SV30MOffset.Program.&lt;&gt;c.cbd9260d1c4068c56e1cd166fac6bb4ee" />
<Entry OldName="PGA.SV30MOffset.Program.&lt;&gt;c.&lt;&gt;9__71_4" NewName="PGA.SV30MOffset.Program.&lt;&gt;c.cbcc4b4d9aef129dfd5fc3f52b30a7c14" />
<Entry OldName="PGA.SV30MOffset.Program.&lt;&gt;c.&lt;&gt;9__74_0" NewName="PGA.SV30MOffset.Program.&lt;&gt;c.ccf36a045c058271a7ea83be775a7601c" />
<Entry OldName="PGA.SV30MOffset.Program.&lt;&gt;c__DisplayClass51_0.p" NewName="PGA.SV30MOffset.Program.c7abb5b0ccd6a6f62edc9d4a5ae4daa6a.c5ae2cc1a8793733375245a73f11f9280" />
<Entry OldName="PGA.SV30MOffset.Program.&lt;&gt;c__DisplayClass51_0.CS$&lt;&gt;8__locals1" NewName="PGA.SV30MOffset.Program.c7abb5b0ccd6a6f62edc9d4a5ae4daa6a.ca5da9350922e8893f5c71b360802c9b2" />
<Entry OldName="PGA.SV30MOffset.Program.&lt;&gt;c__DisplayClass51_1.TOLERANCE" NewName="PGA.SV30MOffset.Program.c9b32577e6fee223bd1e94b569f68134b.c83fe90c226e0fcce0c4e072c80c6c586" />
<Entry OldName="PGA.SV30MOffset.Program.&lt;&gt;c__DisplayClass52_0.outer" NewName="PGA.SV30MOffset.Program.c2aff305d2382e94a466b7d9a4acd4064.cffe84d287b37fb9385a0cf1e28b979b7" />
<Entry OldName="PGA.SV30MOffset.Program.&lt;&gt;c__DisplayClass53_0.o" NewName="PGA.SV30MOffset.Program.c65cccece370a1b071435398da2e21792.ccccf67e225ec01facfde004fb70dd1f5" />
<Entry OldName="PGA.SV30MOffset.Program.&lt;&gt;c__DisplayClass57_0.r" NewName="PGA.SV30MOffset.Program.c9ea3eb8a86fe7a02d2d6a0fe45322ac3.cdccc81e8231cb675d1a32382e17f7b1f" />
<Entry OldName="PGA.SV30MOffset.Program.&lt;&gt;c__DisplayClass58_0.handle" NewName="PGA.SV30MOffset.Program.c7291e05e2e95bab354669700bcdb9e4e.c1d3ba32d67e15fe7521e61102631df82" />
<Entry OldName="PGA.SV30MOffset.Program.OnCommandEnded(Object sender, CommandEventArgs e)" NewName="PGA.SV30MOffset.Program.c3c2b6cf470b8579d460244b0937cfd8e(Object c6350090bf6ca4f9b4dcc9fdffde3c9ba, CommandEventArgs c52dd679ce18308634bcd4460ba9c7d88)" />
<Entry OldName="PGA.SV30MOffset.Program.SetVars()" NewName="PGA.SV30MOffset.Program.cf94f483710df9c15611e3257a98f30f8()" />
<Entry OldName="PGA.SV30MOffset.Program.SetSaveTime()" NewName="PGA.SV30MOffset.Program.c9c5d9a5ae387e2ebacb353fcedde3764()" />
<Entry OldName="PGA.SV30MOffset.Program.ResetVars()" NewName="PGA.SV30MOffset.Program.c9e700edb747d1926c9725c47d973c737()" />
<Entry OldName="PGA.SV30MOffset.Program.OrderPolylines(ObjectIdCollection polyoId)" NewName="PGA.SV30MOffset.Program.ca6328b064a743dc6ef4a7a8e58e3a345(ObjectIdCollection c9bff7f37519f23619d5f9d214f27c1a1)" />
<Entry OldName="PGA.SV30MOffset.Program.ForceClosePolyLine(Polyline&amp; polyline)" NewName="PGA.SV30MOffset.Program.c85cc5120f29c35df9e304bb0a46febb8(Polyline&amp; c439a4b211d995a9768247c986dddc948)" />
<Entry OldName="PGA.SV30MOffset.Program.GetObjectAsRegion(ObjectId oid)" NewName="PGA.SV30MOffset.Program.c7ee06dfe7b08f967fd21461a6a175d5a(ObjectId c61cc95df43dfc036554d8db7c2e5ceec)" />
<Entry OldName="PGA.SV30MOffset.Program.GetAllPolylines()" NewName="PGA.SV30MOffset.Program.c2dd0b333bce78c60cd582c64db7ea43d()" />
<Entry OldName="PGA.SV30MOffset.Program.GetAllRegions()" NewName="PGA.SV30MOffset.Program.cb1abc3b5279fdec2a2f2d148ac96bcdf()" />
<Entry OldName="PGA.SV30MOffset.Program.GetAllPoints()" NewName="PGA.SV30MOffset.Program.c9d2ae96d41458189a8eacc5f715897fd()" />
<Entry OldName="PGA.SV30MOffset.Program.GetObject(ObjectId polyoid)" NewName="PGA.SV30MOffset.Program.c3149a9df701b465f44694353648cc8bb(ObjectId c4876e8e7e4149aa28aaef1a9f2de6c6a)" />
<Entry OldName="PGA.SV30MOffset.Program.FilteredPolys(String name)" NewName="PGA.SV30MOffset.Program.c34a6b67e353ef4413dbf3694e8371dae(String c2d3d5cb6f5d5a1c0c43f303a75349ef8)" />
<Entry OldName="PGA.SV30MOffset.Program.GetGreen(ObjectIdCollection collection)" NewName="PGA.SV30MOffset.Program.ce7cc89b6c2fc43faf351d463b6d11fd0(ObjectIdCollection c72af72d48cdb97334e8bb6b7c90e0356)" />
<Entry OldName="PGA.SV30MOffset.Program.ClearPolylineInners()" NewName="PGA.SV30MOffset.Program.c677c8d590d92cbc2c3c8fe0fe061f73a()" />
<Entry OldName="PGA.SV30MOffset.Program.GetAllInnerToSelected(ObjectId oid)" NewName="PGA.SV30MOffset.Program.c5179e8c14d90d5d771adef7f21ae6cdf(ObjectId c61cc95df43dfc036554d8db7c2e5ceec)" />
<Entry OldName="PGA.SV30MOffset.Program.GetHandlesbyAreaLayer(IList`1 polyinfo, Region r)" NewName="PGA.SV30MOffset.Program.caf52e95445e455cee4a7b59c89f035b7(IList`1 c1dd7104b5530a35d2b5bf6988e84c932, Region cdccc81e8231cb675d1a32382e17f7b1f)" />
<Entry OldName="PGA.SV30MOffset.Program.GetInnersbyHandle(IList`1 polyinfo, String handle)" NewName="PGA.SV30MOffset.Program.c35fb09a17e8d228bd86119761f882042(IList`1 c1dd7104b5530a35d2b5bf6988e84c932, String c1d3ba32d67e15fe7521e61102631df82)" />
<Entry OldName="PGA.SV30MOffset.Program.GetPolylineInfo()" NewName="PGA.SV30MOffset.Program.c824d7fedadf41f5807d5bd1780ddd058()" />
<Entry OldName="PGA.SV30MOffset.Program.SetXData(ObjectId o, ResultBuffer rb)" NewName="PGA.SV30MOffset.Program.cfccd3aa6b4d5bb80237fb82e3bb5a901(ObjectId ccccf67e225ec01facfde004fb70dd1f5, ResultBuffer c01851b3708e45a0f39899059971f0426)" />
<Entry OldName="PGA.SV30MOffset.Program.ParseXData(TypedValue tv)" NewName="PGA.SV30MOffset.Program.ccedf533ff8ed8b04afd582e4c2e52501(TypedValue c2391494b19dc7747f6591f8dc44700eb)" />
<Entry OldName="PGA.SV30MOffset.Program.AddRegAppTableRecord(String regAppName)" NewName="PGA.SV30MOffset.Program.c47637a09e5590669cc2e6572caa73e60(String cb80375cc56c471fbca3e918424ede809)" />
<Entry OldName="PGA.SV30MOffset.Program.GetStartPointByIndex(Point3d sPoint, Point3dCollection collection)" NewName="PGA.SV30MOffset.Program.c7a25ce55b9d971beeb53dd1eb82d0c17(Point3d c6c72ddcdf0b96e3c8706efc3ff8185cc, Point3dCollection c72af72d48cdb97334e8bb6b7c90e0356)" />
<Entry OldName="PGA.SV30MOffset.Program.GetEndPointByIndex(Point3d sPoint, Point3dCollection collection)" NewName="PGA.SV30MOffset.Program.c30f487f7a76da872374be4b7b6489588(Point3d c6c72ddcdf0b96e3c8706efc3ff8185cc, Point3dCollection c72af72d48cdb97334e8bb6b7c90e0356)" />
<Entry OldName="PGA.SV30MOffset.Program.Get3DPFromPoly(DBObjectCollection o)" NewName="PGA.SV30MOffset.Program.c6fe1df562cbc7250a4ab43d08d7183ec(DBObjectCollection ccccf67e225ec01facfde004fb70dd1f5)" />
<Entry OldName="PGA.SV30MOffset.PolylineExtension.&lt;&gt;c.&lt;Offset&gt;b__1_0(Polyline pline)" NewName="PGA.SV30MOffset.PolylineExtension.&lt;&gt;c.c97f56140675c0d1ff7b8ab040d782e6d(Polyline ca63336f98dc07e57896d935c48592d17)" />
<Entry OldName="PGA.SV30MOffset.PolylineExtension.&lt;&gt;c.&lt;Offset&gt;b__1_1(Polyline pline)" NewName="PGA.SV30MOffset.PolylineExtension.&lt;&gt;c.c5e5ce6d2ffc2022f3bf7f0b36b7beac2(Polyline ca63336f98dc07e57896d935c48592d17)" />
<Entry OldName="PGA.SV30MOffset.PolylineExtension.&lt;&gt;c.&lt;Offset&gt;b__2_0(Polyline pline)" NewName="PGA.SV30MOffset.PolylineExtension.&lt;&gt;c.c11b64911b146841a92fe7f8a907c5f98(Polyline ca63336f98dc07e57896d935c48592d17)" />
<Entry OldName="PGA.SV30MOffset.PolylineExtension.&lt;&gt;c.&lt;Offset&gt;b__2_1(Polyline pline)" NewName="PGA.SV30MOffset.PolylineExtension.&lt;&gt;c.c931b4cc86b3b283b92e1b7b1c9e0492f(Polyline ca63336f98dc07e57896d935c48592d17)" />
<Entry OldName="PGA.SV30MOffset.PolylineExtension.&lt;&gt;c.&lt;Offset&gt;b__2_2(Polyline pline)" NewName="PGA.SV30MOffset.PolylineExtension.&lt;&gt;c.ce6f8c7acc3b819352293967d3bf16a55(Polyline ca63336f98dc07e57896d935c48592d17)" />
<Entry OldName="PGA.SV30MOffset.PolylineExtension.&lt;&gt;c.&lt;Offset&gt;b__2_3(Polyline pline)" NewName="PGA.SV30MOffset.PolylineExtension.&lt;&gt;c.c9ee0ff0b370be0a03dee6b1d76a78394(Polyline ca63336f98dc07e57896d935c48592d17)" />
<Entry OldName="PGA.SV30MOffset.Program.&lt;&gt;c.&lt;InvokeProgressBar&gt;b__14_0(ProgressMeter p)" NewName="PGA.SV30MOffset.Program.&lt;&gt;c.c367842c6b5d66d5ec58b663dc8567d7e(ProgressMeter c5ae2cc1a8793733375245a73f11f9280)" />
<Entry OldName="PGA.SV30MOffset.Program.&lt;&gt;c.&lt;OrderPolylines&gt;b__23_0(Polyline p)" NewName="PGA.SV30MOffset.Program.&lt;&gt;c.cec1c2ac495e34c7dda048e8ac5310572(Polyline c5ae2cc1a8793733375245a73f11f9280)" />
<Entry OldName="PGA.SV30MOffset.Program.&lt;&gt;c.&lt;IntersectOffsetRegion&gt;b__29_0(TypedValue p)" NewName="PGA.SV30MOffset.Program.&lt;&gt;c.c3fb3a74acc447124003e828beed8c193(TypedValue c5ae2cc1a8793733375245a73f11f9280)" />
<Entry OldName="PGA.SV30MOffset.Program.&lt;&gt;c.&lt;IntersectOffsetRegion&gt;b__29_1(TypedValue p)" NewName="PGA.SV30MOffset.Program.&lt;&gt;c.c84352d4cad4fd958077e458f695107ee(TypedValue c5ae2cc1a8793733375245a73f11f9280)" />
<Entry OldName="PGA.SV30MOffset.Program.&lt;&gt;c.&lt;RefinePolylines&gt;b__37_0(Polyline p)" NewName="PGA.SV30MOffset.Program.&lt;&gt;c.cbdae81bdafc3e4008ccea1c1e14dc110(Polyline c5ae2cc1a8793733375245a73f11f9280)" />
<Entry OldName="PGA.SV30MOffset.Program.&lt;&gt;c.&lt;GetFeatureLines&gt;b__42_0(ObjectId id)" NewName="PGA.SV30MOffset.Program.&lt;&gt;c.c7e5c4f8df9ef4b3a7af8be4955149f0e(ObjectId ccd23a1441daa486c377ac8f3a36a8a90)" />
<Entry OldName="PGA.SV30MOffset.Program.&lt;&gt;c.&lt;DeleteDups&gt;b__51_1(Polyline d)" NewName="PGA.SV30MOffset.Program.&lt;&gt;c.c04ba427fdf9301d34a444ec2f82fde8e(Polyline c401bd683e8ba6ea96eb866f8e4e618d7)" />
<Entry OldName="PGA.SV30MOffset.Program.&lt;&gt;c.&lt;SubstractRegions&gt;b__52_0(TypedValue p)" NewName="PGA.SV30MOffset.Program.&lt;&gt;c.c74fc628a112b8d6707e5357664e462da(TypedValue c5ae2cc1a8793733375245a73f11f9280)" />
<Entry OldName="PGA.SV30MOffset.Program.&lt;&gt;c.&lt;SubstractRegions&gt;b__52_2(Polyline v)" NewName="PGA.SV30MOffset.Program.&lt;&gt;c.cb3285ec7e99dbc1a85366a0c7833fab7(Polyline c1586b9fda4af438130f215a3c6d666e1)" />
<Entry OldName="PGA.SV30MOffset.Program.&lt;&gt;c.&lt;SubstractRegions&gt;b__52_3(TypedValue p)" NewName="PGA.SV30MOffset.Program.&lt;&gt;c.c874319da6aabfc24de59d8ba41768660(TypedValue c5ae2cc1a8793733375245a73f11f9280)" />
<Entry OldName="PGA.SV30MOffset.Program.&lt;&gt;c.&lt;GetAllInnerToSelected&gt;b__56_0(TypedValue p)" NewName="PGA.SV30MOffset.Program.&lt;&gt;c.ce662128cae9a7fd6879a39f62f1b4eae(TypedValue c5ae2cc1a8793733375245a73f11f9280)" />
<Entry OldName="PGA.SV30MOffset.Program.&lt;&gt;c.&lt;GetHandlesbyAreaLayer&gt;b__57_1(Polyline p)" NewName="PGA.SV30MOffset.Program.&lt;&gt;c.cc312a7c653eb60b89f947b255c16d98b(Polyline c5ae2cc1a8793733375245a73f11f9280)" />
<Entry OldName="PGA.SV30MOffset.Program.&lt;&gt;c.&lt;LinearInterpolation&gt;b__71_0(Double[] d)" NewName="PGA.SV30MOffset.Program.&lt;&gt;c.cd12e47c8066f01ddbc8bff9b159cd4dd(Double[] c401bd683e8ba6ea96eb866f8e4e618d7)" />
<Entry OldName="PGA.SV30MOffset.Program.&lt;&gt;c.&lt;LinearInterpolation&gt;b__71_1(Double[] d)" NewName="PGA.SV30MOffset.Program.&lt;&gt;c.c020e9842ea084b4f51e97958edc76b38(Double[] c401bd683e8ba6ea96eb866f8e4e618d7)" />
<Entry OldName="PGA.SV30MOffset.Program.&lt;&gt;c.&lt;LinearInterpolation&gt;b__71_2(Double[] d)" NewName="PGA.SV30MOffset.Program.&lt;&gt;c.c3eb52e2dcbea18a680640224c694a58e(Double[] c401bd683e8ba6ea96eb866f8e4e618d7)" />
<Entry OldName="PGA.SV30MOffset.Program.&lt;&gt;c.&lt;LinearInterpolation&gt;b__71_3(Double[] d)" NewName="PGA.SV30MOffset.Program.&lt;&gt;c.c1887660f3cf3432a74597597545e2ac8(Double[] c401bd683e8ba6ea96eb866f8e4e618d7)" />
<Entry OldName="PGA.SV30MOffset.Program.&lt;&gt;c.&lt;LinearInterpolation&gt;b__71_4(Double[] d)" NewName="PGA.SV30MOffset.Program.&lt;&gt;c.c73fb232fe8b4f8d6df032b594b22a0fd(Double[] c401bd683e8ba6ea96eb866f8e4e618d7)" />
<Entry OldName="PGA.SV30MOffset.Program.&lt;&gt;c.&lt;InvokeProgressBar&gt;b__74_0(ProgressMeter p)" NewName="PGA.SV30MOffset.Program.&lt;&gt;c.c0f7ac0c8e8c11c9169a21256cf0adfbe(ProgressMeter c5ae2cc1a8793733375245a73f11f9280)" />
<Entry OldName="PGA.SV30MOffset.Program.&lt;&gt;c__DisplayClass51_0..ctor()" NewName="PGA.SV30MOffset.Program.c7abb5b0ccd6a6f62edc9d4a5ae4daa6a..ctor()" />
<Entry OldName="PGA.SV30MOffset.Program.&lt;&gt;c__DisplayClass51_0.&lt;DeleteDups&gt;b__0(Polyline r)" NewName="PGA.SV30MOffset.Program.c7abb5b0ccd6a6f62edc9d4a5ae4daa6a.c25974d735ccac711950758b909880f36(Polyline cdccc81e8231cb675d1a32382e17f7b1f)" />
<Entry OldName="PGA.SV30MOffset.Program.&lt;&gt;c__DisplayClass51_1..ctor()" NewName="PGA.SV30MOffset.Program.c9b32577e6fee223bd1e94b569f68134b..ctor()" />
<Entry OldName="PGA.SV30MOffset.Program.&lt;&gt;c__DisplayClass52_0..ctor()" NewName="PGA.SV30MOffset.Program.c2aff305d2382e94a466b7d9a4acd4064..ctor()" />
<Entry OldName="PGA.SV30MOffset.Program.&lt;&gt;c__DisplayClass52_0.&lt;SubstractRegions&gt;b__1(Polyline v)" NewName="PGA.SV30MOffset.Program.c2aff305d2382e94a466b7d9a4acd4064.ca4f5358acd7da603c6927e22fd345234(Polyline c1586b9fda4af438130f215a3c6d666e1)" />
<Entry OldName="PGA.SV30MOffset.Program.&lt;&gt;c__DisplayClass53_0..ctor()" NewName="PGA.SV30MOffset.Program.c65cccece370a1b071435398da2e21792..ctor()" />
<Entry OldName="PGA.SV30MOffset.Program.&lt;&gt;c__DisplayClass53_0.&lt;DeleteOperations&gt;b__0(Region p)" NewName="PGA.SV30MOffset.Program.c65cccece370a1b071435398da2e21792.ced7ea6ef7724402b74dcd45075b3b2a8(Region c5ae2cc1a8793733375245a73f11f9280)" />
<Entry OldName="PGA.SV30MOffset.Program.&lt;&gt;c__DisplayClass57_0..ctor()" NewName="PGA.SV30MOffset.Program.c9ea3eb8a86fe7a02d2d6a0fe45322ac3..ctor()" />
<Entry OldName="PGA.SV30MOffset.Program.&lt;&gt;c__DisplayClass57_0.&lt;GetHandlesbyAreaLayer&gt;b__0(Polyline p)" NewName="PGA.SV30MOffset.Program.c9ea3eb8a86fe7a02d2d6a0fe45322ac3.c19a182dbebe2f2c350f3c97fba3e0866(Polyline c5ae2cc1a8793733375245a73f11f9280)" />
<Entry OldName="PGA.SV30MOffset.Program.&lt;&gt;c__DisplayClass58_0..ctor()" NewName="PGA.SV30MOffset.Program.c7291e05e2e95bab354669700bcdb9e4e..ctor()" />
<Entry OldName="PGA.SV30MOffset.Program.&lt;&gt;c__DisplayClass58_0.&lt;GetInnersbyHandle&gt;b__0(Polyline p)" NewName="PGA.SV30MOffset.Program.c7291e05e2e95bab354669700bcdb9e4e.c4d42a62064ee05371eeaab1a41fa4970(Polyline c5ae2cc1a8793733375245a73f11f9280)" />
<Entry OldName="PGA.SV30MOffset.RegionConversion.Commands.BulgeFromCurve(Curve cv, Boolean clockwise)" NewName="PGA.SV30MOffset.RegionConversion.Commands.cde0cb1264b3b35d8d601b92c94c4dacb(Curve c7e5fde70776605fe919e9aa14f037119, Boolean c20951c667dbd9c026bd386164d13bc05)" />
<Entry OldName="PGA.SV30MOffset.Program+&lt;&gt;c__DisplayClass51_0" NewName="PGA.SV30MOffset.Program+c7abb5b0ccd6a6f62edc9d4a5ae4daa6a" />
<Entry OldName="PGA.SV30MOffset.Program+&lt;&gt;c__DisplayClass51_1" NewName="PGA.SV30MOffset.Program+c9b32577e6fee223bd1e94b569f68134b" />
<Entry OldName="PGA.SV30MOffset.Program+&lt;&gt;c__DisplayClass52_0" NewName="PGA.SV30MOffset.Program+c2aff305d2382e94a466b7d9a4acd4064" />
<Entry OldName="PGA.SV30MOffset.Program+&lt;&gt;c__DisplayClass53_0" NewName="PGA.SV30MOffset.Program+c65cccece370a1b071435398da2e21792" />
<Entry OldName="PGA.SV30MOffset.Program+&lt;&gt;c__DisplayClass57_0" NewName="PGA.SV30MOffset.Program+c9ea3eb8a86fe7a02d2d6a0fe45322ac3" />
<Entry OldName="PGA.SV30MOffset.Program+&lt;&gt;c__DisplayClass58_0" NewName="PGA.SV30MOffset.Program+c7291e05e2e95bab354669700bcdb9e4e" />
<Entry OldName="C:\Users\m4800\Documents\Visual Studio 2015\Projects\PGA.SV30MOffset\PGA.SV30MOffset\Active.cs" NewName="File0" />
<Entry OldName="C:\Users\m4800\Documents\Visual Studio 2015\Projects\PGA.SV30MOffset\PGA.SV30MOffset\HatchPolyline.cs" NewName="File1" />
<Entry OldName="C:\Users\m4800\Documents\Visual Studio 2015\Projects\PGA.SV30MOffset\PGA.SV30MOffset\OffsetPolylines.cs" NewName="File2" />
<Entry OldName="C:\Users\m4800\Documents\Visual Studio 2015\Projects\PGA.SV30MOffset\PGA.SV30MOffset\Program.cs" NewName="File3" />
<Entry OldName="C:\Users\m4800\Documents\Visual Studio 2015\Projects\PGA.SV30MOffset\PGA.SV30MOffset\RegionConversion.cs" NewName="File4" />
<Assembly Name="PGA.SV30MOffset"><Type Token="33554433" Name="&lt;Module&gt;" />
<Method Token="100663297" Name="" Variables="" ParamCnt="0" />
<Type Token="33554434" Name="PGA.SV30MOffset.Active" />
<Method Token="100663298" Name="get_Editor" Variables="V_0;" ParamCnt="0" />
<Method Token="100663299" Name="get_Document" Variables="V_0;" ParamCnt="0" />
<Method Token="100663300" Name="get_Database" Variables="V_0;" ParamCnt="0" />
<Method Token="100663301" Name="WriteMessage" Variables="message;" ParamCnt="1" />
<Method Token="100663302" Name="WriteMessage" Variables="message;parameter;" ParamCnt="2" />
<Method Token="100663303" Name="get_WorkingDatabase" Variables="V_0;" ParamCnt="0" />
<Method Token="100663304" Name="StartTransaction" Variables="V_0;" ParamCnt="0" />
<Method Token="100663305" Name="get_MdiDocument" Variables="V_0;" ParamCnt="0" />
<Type Token="33554436" Name="PGA.SV30MOffset.HatchPolyline" />
<Method Token="100663307" Name=".ctor" Variables="this;" ParamCnt="1" />
<Method Token="100663308" Name="TestHatch" Variables="poly;doc;db;ed;V_3;Tx;ModelSpaceId;btr;ObjIds;oHatch;normal;ex;" ParamCnt="1" />
<Type Token="33554438" Name="PGA.SV30MOffset.PolylineExtension" />
<Method Token="100663315" Name="Offset" Variables="source;offsetDist;side;plines;offsetRight;offsetLeft;areaRight;areaLeft;V_5;V_6;" ParamCnt="3" />
<Method Token="100663316" Name="Offset" Variables="source;offsetDist;side;plines;offsetRight;offsetLeft;areaRight;areaLeft;V_6;V_7;" ParamCnt="2" />
<Type Token="33554439" Name="PGA.SV30MOffset.Program" />
<Method Token="100663317" Name=".ctor" Variables="this;" ParamCnt="1" />
<Method Token="100663318" Name=".cctor" Variables="" ParamCnt="0" />
<Method Token="100663319" Name="Initialize" Variables="this;" ParamCnt="1" />
<Method Token="100663320" Name="CheckLicense" Variables="this;" ParamCnt="1" />
<Method Token="100663321" Name="Terminate" Variables="this;" ParamCnt="1" />
<Method Token="100663322" Name="UnlockCommands" Variables="this;doc;" ParamCnt="2" />
<Method Token="100663323" Name="OnCommandEnded" Variables="this;sender;e;ex;" ParamCnt="3" />
<Method Token="100663324" Name="SetVars" Variables="" ParamCnt="0" />
<Method Token="100663325" Name="InvokeProgressBar" Variables="name;maxDWGs;totalDWGs;ex;" ParamCnt="3" />
<Method Token="100663326" Name="SetSaveTime" Variables="ex;" ParamCnt="0" />
<Method Token="100663327" Name="ResetVars" Variables="" ParamCnt="0" />
<Method Token="100663328" Name="WN_StartProgram" Variables="ed;ex;" ParamCnt="0" />
<Method Token="100663329" Name="StartProgram" Variables="ed;ex;" ParamCnt="0" />
<Method Token="100663330" Name="StartProgramSynch" Variables="ed;ex;" ParamCnt="0" />
<Method Token="100663331" Name="ZoomExtents" Variables="acad;" ParamCnt="0" />
<Method Token="100663332" Name="SaveDwg" Variables="lLock;db;dir;V_3;path;file;V_6;ex;" ParamCnt="0" />
<Method Token="100663333" Name="Hatch" Variables="polyoId;ordered;V_2;p;V_4;ex;ex;" ParamCnt="0" />
<Method Token="100663334" Name="OrderPolylines" Variables="polyoId;ordered;V_1;i;tr;V_4;V_5;" ParamCnt="1" />
<Method Token="100663335" Name="TagXData" Variables="count;polyoId;V_2;oid;polyline;rb;V_6;ex;V_8;ex;" ParamCnt="0" />
<Method Token="100663336" Name="ForceClosePolyLine" Variables="polyline;tr;p;V_2;ex;" ParamCnt="1" />
<Method Token="100663337" Name="CreateRegions" Variables="layer;acDoc;acCurDb;polyoId;region;V_5;oid;polyline;V_8;rb;tr;acBlkTbl;acBlkTblRec;curves;reg;enumerable;ex;V_17;ex;" ParamCnt="0" />
<Method Token="100663338" Name="GetCurves" Variables="polyline;curves;V_1;V_2;V_3;V_4;ex;" ParamCnt="1" />
<Method Token="100663339" Name="CreateRegions" Variables="oid;polyline;acDoc;acCurDb;res;V_4;V_5;tr;acBlkTbl;acBlkTblRec;curves;reg;V_11;ex;ex;" ParamCnt="1" />
<Method Token="100663340" Name="IntersectOffsetRegion" Variables="reg;regId;V_2;oid;acDoc;acCurDb;tr;r1;r2;layer;acBlkTbl;acBlkTblRec;reg1;reg2;r1X;r2X;r1V;r2V;rb1;rb2;V_20;V_21;V_22;V_23;V_24;ex;V_26;ex;" ParamCnt="0" />
<Method Token="100663341" Name="GetObjectAsRegion" Variables="oid;tr;obj;reg;V_3;" ParamCnt="1" />
<Method Token="100663342" Name="IntersectRegions" Variables="r1;r2;V_0;V_1;" ParamCnt="2" />
<Method Token="100663343" Name="GetAllPolylines" Variables="V_0;" ParamCnt="0" />
<Method Token="100663344" Name="GetAllRegions" Variables="V_0;" ParamCnt="0" />
<Method Token="100663345" Name="GetAllPoints" Variables="V_0;" ParamCnt="0" />
<Method Token="100663346" Name="GetObject" Variables="polyoid;tr;obj;lwp;V_3;V_4;V_5;" ParamCnt="1" />
<Method Token="100663347" Name="OffsetGreen" Variables="polylineOids;OGR;offsetDist;polyline;acDoc;acCurDb;rb;V_7;V_8;acTrans;acBlkTbl;acBlkTblRec;ex;" ParamCnt="0" />
<Method Token="100663348" Name="RefinePolylines" Variables="polys;filtered;ordered;V_3;V_4;o;i;outer;inner;intpoints;V_10;p;V_12;V_13;tr;V_15;ex;" ParamCnt="0" />
<Method Token="100663349" Name="PolylinesIntersect" Variables="p1;p2;intpoints;V_1;a;b;result;V_5;V_6;ex;" ParamCnt="2" />
<Method Token="100663350" Name="FilteredPolys" Variables="name;oids;polys;tr;V_3;oid;RXclass;V_6;dbobject;polyline;V_9;layer;V_11;V_12;V_13;" ParamCnt="1" />
<Method Token="100663351" Name="GetGreen" Variables="collection;theClass;V_1;oid;polyline;V_4;V_5;V_6;V_7;V_8;V_9;ex;" ParamCnt="1" />
<Method Token="100663352" Name="ConvertRegToPolyline" Variables="regId;V_1;oid;ex;V_4;ex;" ParamCnt="0" />
<Method Token="100663353" Name="GetFeatureLines" Variables="ids;db;tran;tbl;br;b;ex;V_7;" ParamCnt="0" />
<Method Token="100663354" Name="GetInternalPolys" Variables="dictionary;polyLines;db;oids;V_4;objectId;V_6;V_7;" ParamCnt="0" />
<Method Token="100663355" Name="WritePolysToDatabase" Variables="data;p;commands;dictionary;V_2;V_3;obj;date;o;c;V_8;V_9;ob;po;V_12;V_13;V_14;V_15;ex;" ParamCnt="2" />
<Method Token="100663356" Name="RegisterPolys" Variables="dictionary;polyLines;pm;db;oids;V_5;objectId;tr;p;V_9;V_10;ex;V_12;ex;" ParamCnt="0" />
<Method Token="100663357" Name="WN_RegisterPolys" Variables="dictionary;polyLines;db;oids;V_4;objectId;tr;p;V_8;V_9;ex;V_11;" ParamCnt="0" />
<Method Token="100663358" Name="ClearPolylineInners" Variables="commands;ex;" ParamCnt="0" />
<Method Token="100663359" Name="DeleteZeroRegions" Variables="db;oids;V_2;objectId;tr;p;V_6;V_7;ex;V_9;" ParamCnt="0" />
<Method Token="100663360" Name="DeletePolys" Variables="db;oids;V_2;objectId;tr;p;V_6;ex;V_8;" ParamCnt="0" />
<Method Token="100663361" Name="DeleteOffsetPolys" Variables="db;oids;V_2;objectId;tr;p;V_6;V_7;ex;V_9;" ParamCnt="0" />
<Method Token="100663362" Name="DeleteDups" Variables="polylines;usedPolys;db;oids;V_5;objectId;tr;p;V_9;ex;V_11;V_12;tr;result;i;V_17;g;obj;V_20;V_21;V_22;V_23;V_24;ex;" ParamCnt="0" />
<Method Token="100663363" Name="SubstractRegions" Variables="reg;regId;polyinfo;used;delete;V_5;oid;acDoc;acCurDb;master;V_11;h;dependants;V_14;V_15;V_16;V_17;o;xd;inner;V_21;V_22;tr;r1;r2;layer;acBlkTbl;acBlkTblRec;reg1;reg2;treg1;treg2;V_33;V_34;V_35;V_36;V_37;V_38;V_39;ex;V_41;ex;ex;" ParamCnt="0" />
<Method Token="100663364" Name="DeleteOperations" Variables="delete;tr;data;V_2;r;V_5;V_6;" ParamCnt="1" />
<Method Token="100663365" Name="DeleteOperations" Variables="ex;" ParamCnt="0" />
<Method Token="100663366" Name="DeleteOperations" Variables="delete;tr;V_1;o;r;V_4;ex;" ParamCnt="1" />
<Method Token="100663367" Name="GetAllInnerToSelected" Variables="oid;pl;doc;tr;data;s;commands;V_6;" ParamCnt="1" />
<Method Token="100663368" Name="GetHandlesbyAreaLayer" Variables="polyinfo;r;result;V_2;" ParamCnt="2" />
<Method Token="100663369" Name="GetInnersbyHandle" Variables="polyinfo;handle;result;V_2;" ParamCnt="2" />
<Method Token="100663370" Name="GetPolylineInfo" Variables="commands;V_1;" ParamCnt="0" />
<Method Token="100663371" Name="SetXData" Variables="o;rb;doc;tr;V_2;" ParamCnt="2" />
<Method Token="100663372" Name="GetXData" Variables="o;tv;doc;tr;V_3;" ParamCnt="1" />
<Method Token="100663373" Name="ParseXData" Variables="tv;V_0;" ParamCnt="1" />
<Method Token="100663374" Name="AddRegAppTableRecord" Variables="regAppName;doc;ed;db;tr;V_4;rat;V_6;ratr;" ParamCnt="1" />
<Method Token="100663375" Name="Get3DPolylines" Variables="V_0;" ParamCnt="0" />
<Method Token="100663376" Name="Convert3DPolylines" Variables="oids;outids;tr;V_2;o;v;V_5;V_6;ex;" ParamCnt="1" />
<Method Token="100663377" Name="CorrectPolylines" Variables="objects;polylines;V_2;pl;tr;p;ex;" ParamCnt="0" />
<Method Token="100663378" Name="CorrectPolylines" Variables="poly;SElev;EElev;SPoint;EPoint;SElevPoint;EElevPoint;collection;updatable;keypoints;endpoints;tr;V_11;p;pl;V_14;n;t;c;V_18;pnt;V_20;V_21;V_22;ex;V_24;" ParamCnt="1" />
<Method Token="100663379" Name="GetStartPointByIndex" Variables="sPoint;collection;result;s;V_2;ex;" ParamCnt="2" />
<Method Token="100663380" Name="GetEndPointByIndex" Variables="sPoint;collection;result;f;V_2;ex;" ParamCnt="2" />
<Method Token="100663381" Name="Get3DPFromPoly" Variables="o;collection;tr;V_2;dbob;p3d;V_5;V_6;vId;v3d;V_9;V_10;" ParamCnt="1" />
<Method Token="100663382" Name="LinearInterpolation" Variables="p;n;c;xy;z;result;V_5;point;_x;_y;_z;V_10;ex;" ParamCnt="1" />
<Method Token="100663383" Name="ProgressBarManaged" Variables="this;pm;i;V_2;" ParamCnt="1" />
<Method Token="100663384" Name="InvokeProgressBar" Variables="selectedfile;V_0;ex;" ParamCnt="1" />
<Method Token="100663385" Name="ExecuteAutoCADFile" Variables="drawings;V_0;filename;doc;db;ed;V_5;" ParamCnt="1" />
<Method Token="100663386" Name="ExecuteAutoCADFile" Variables="selectedfile;doc;db;ed;V_4;" ParamCnt="0" />
<Method Token="100663387" Name="SaveDrawings" Variables="doc;db;ed;V_3;name;" ParamCnt="0" />
<Method Token="100663388" Name="CloseDrawings" Variables="doc;db;ed;V_3;" ParamCnt="0" />
<Method Token="100663389" Name="ClosePolylines" Variables="pId;V_1;oid;tr;p;V_5;ex;V_7;ex;" ParamCnt="0" />
<Field Token="67108866" Name="MaxCount" />
<Field Token="67108867" Name="OffsetObject" />
<Field Token="67108868" Name="MasPolylineIds" />
<Field Token="67108869" Name="MasRegions" />
<Field Token="67108870" Name="Drawings" />
<Field Token="67108871" Name="Counter" />
<Field Token="67108872" Name="Stopwatch" />
<Field Token="67108873" Name="MaxWait" />
<Type Token="33554441" Name="PGA.SV30MOffset.RegionConversion" />
<Type Token="33554442" Name="PGA.SV30MOffset.PolylineExtension/OffsetSide" />
<Field Token="67108876" Name="value__" />
<Field Token="67108877" Name="In" />
<Field Token="67108878" Name="Out" />
<Field Token="67108879" Name="Left" />
<Field Token="67108880" Name="Right" />
<Field Token="67108881" Name="Both" />
<Type Token="33554443" Name="PGA.SV30MOffset.PolylineExtension/IDisposableCollection`1" />
<Method Token="100663397" Name="AddRange" Variables="this;items;" ParamCnt="2" />
<Method Token="100663398" Name="RemoveRange" Variables="this;items;" ParamCnt="2" />
<Type Token="33554444" Name="PGA.SV30MOffset.PolylineExtension/DisposableSet`1" />
<Method Token="100663399" Name=".ctor" Variables="this;" ParamCnt="1" />
<Method Token="100663400" Name=".ctor" Variables="this;items;" ParamCnt="2" />
<Method Token="100663401" Name="Dispose" Variables="this;V_0;last;list;V_3;item;V_5;ex;V_7;" ParamCnt="1" />
<Method Token="100663402" Name="AddRange" Variables="this;items;V_0;" ParamCnt="2" />
<Method Token="100663403" Name="RemoveRange" Variables="this;items;V_0;V_1;" ParamCnt="2" />
<Type Token="33554445" Name="PGA.SV30MOffset.PolylineExtension/&lt;&gt;c" />
<Method Token="100663404" Name=".cctor" Variables="" ParamCnt="0" />
<Method Token="100663405" Name=".ctor" Variables="this;" ParamCnt="1" />
<Method Token="100663406" Name="&lt;Offset&gt;b__1_0" Variables="this;pline;" ParamCnt="2" />
<Method Token="100663407" Name="&lt;Offset&gt;b__1_1" Variables="this;pline;" ParamCnt="2" />
<Method Token="100663408" Name="&lt;Offset&gt;b__2_0" Variables="this;pline;" ParamCnt="2" />
<Method Token="100663409" Name="&lt;Offset&gt;b__2_1" Variables="this;pline;" ParamCnt="2" />
<Method Token="100663410" Name="&lt;Offset&gt;b__2_2" Variables="this;pline;" ParamCnt="2" />
<Method Token="100663411" Name="&lt;Offset&gt;b__2_3" Variables="this;pline;" ParamCnt="2" />
<Field Token="67108882" Name="&lt;&gt;9" />
<Field Token="67108883" Name="&lt;&gt;9__1_0" />
<Field Token="67108884" Name="&lt;&gt;9__1_1" />
<Field Token="67108885" Name="&lt;&gt;9__2_0" />
<Field Token="67108886" Name="&lt;&gt;9__2_1" />
<Field Token="67108887" Name="&lt;&gt;9__2_2" />
<Field Token="67108888" Name="&lt;&gt;9__2_3" />
<Type Token="33554446" Name="PGA.SV30MOffset.Program/DrawingProgressMeter" />
<Method Token="100663412" Name="MeterEvent" Variables="description;size;action;meter;" ParamCnt="3" />
<Method Token="100663413" Name="ProgressMeterWrapper" Variables="collectionToIterate;message;action;meter;V_1;obj;ex;" ParamCnt="3" />
<Type Token="33554447" Name="PGA.SV30MOffset.Program/&lt;&gt;c" />
<Method Token="100663414" Name=".cctor" Variables="" ParamCnt="0" />
<Method Token="100663415" Name=".ctor" Variables="this;" ParamCnt="1" />
<Method Token="100663416" Name="&lt;InvokeProgressBar&gt;b__14_0" Variables="this;p;" ParamCnt="2" />
<Method Token="100663417" Name="&lt;OrderPolylines&gt;b__23_0" Variables="this;p;" ParamCnt="2" />
<Method Token="100663418" Name="&lt;IntersectOffsetRegion&gt;b__29_0" Variables="this;p;V_0;V_1;" ParamCnt="2" />
<Method Token="100663419" Name="&lt;IntersectOffsetRegion&gt;b__29_1" Variables="this;p;V_0;V_1;" ParamCnt="2" />
<Method Token="100663420" Name="&lt;RefinePolylines&gt;b__37_0" Variables="this;p;" ParamCnt="2" />
<Method Token="100663421" Name="&lt;GetFeatureLines&gt;b__42_0" Variables="this;id;" ParamCnt="2" />
<Method Token="100663422" Name="&lt;DeleteDups&gt;b__51_1" Variables="this;d;" ParamCnt="2" />
<Method Token="100663423" Name="&lt;SubstractRegions&gt;b__52_0" Variables="this;p;V_0;V_1;" ParamCnt="2" />
<Method Token="100663424" Name="&lt;SubstractRegions&gt;b__52_2" Variables="this;v;" ParamCnt="2" />
<Method Token="100663425" Name="&lt;SubstractRegions&gt;b__52_3" Variables="this;p;V_0;V_1;" ParamCnt="2" />
<Method Token="100663426" Name="&lt;GetAllInnerToSelected&gt;b__56_0" Variables="this;p;V_0;V_1;" ParamCnt="2" />
<Method Token="100663427" Name="&lt;GetHandlesbyAreaLayer&gt;b__57_1" Variables="this;p;" ParamCnt="2" />
<Method Token="100663428" Name="&lt;LinearInterpolation&gt;b__71_0" Variables="this;d;" ParamCnt="2" />
<Method Token="100663429" Name="&lt;LinearInterpolation&gt;b__71_1" Variables="this;d;" ParamCnt="2" />
<Method Token="100663430" Name="&lt;LinearInterpolation&gt;b__71_2" Variables="this;d;" ParamCnt="2" />
<Method Token="100663431" Name="&lt;LinearInterpolation&gt;b__71_3" Variables="this;d;" ParamCnt="2" />
<Method Token="100663432" Name="&lt;LinearInterpolation&gt;b__71_4" Variables="this;d;" ParamCnt="2" />
<Method Token="100663433" Name="&lt;InvokeProgressBar&gt;b__74_0" Variables="this;p;" ParamCnt="2" />
<Field Token="67108889" Name="&lt;&gt;9" />
<Field Token="67108890" Name="&lt;&gt;9__14_0" />
<Field Token="67108891" Name="&lt;&gt;9__23_0" />
<Field Token="67108892" Name="&lt;&gt;9__29_0" />
<Field Token="67108893" Name="&lt;&gt;9__29_1" />
<Field Token="67108894" Name="&lt;&gt;9__37_0" />
<Field Token="67108895" Name="&lt;&gt;9__42_0" />
<Field Token="67108896" Name="&lt;&gt;9__51_1" />
<Field Token="67108897" Name="&lt;&gt;9__52_0" />
<Field Token="67108898" Name="&lt;&gt;9__52_2" />
<Field Token="67108899" Name="&lt;&gt;9__52_3" />
<Field Token="67108900" Name="&lt;&gt;9__56_0" />
<Field Token="67108901" Name="&lt;&gt;9__57_1" />
<Field Token="67108902" Name="&lt;&gt;9__71_0" />
<Field Token="67108903" Name="&lt;&gt;9__71_1" />
<Field Token="67108904" Name="&lt;&gt;9__71_2" />
<Field Token="67108905" Name="&lt;&gt;9__71_3" />
<Field Token="67108906" Name="&lt;&gt;9__71_4" />
<Field Token="67108907" Name="&lt;&gt;9__74_0" />
<Type Token="33554448" Name="PGA.SV30MOffset.Program/&lt;&gt;c__DisplayClass51_0" />
<Method Token="100663434" Name=".ctor" Variables="this;" ParamCnt="1" />
<Method Token="100663435" Name="&lt;DeleteDups&gt;b__0" Variables="this;r;" ParamCnt="2" />
<Field Token="67108908" Name="p" />
<Field Token="67108909" Name="CS$&lt;&gt;8__locals1" />
<Type Token="33554450" Name="PGA.SV30MOffset.Program/&lt;&gt;c__DisplayClass51_1" />
<Method Token="100663439" Name=".ctor" Variables="this;" ParamCnt="1" />
<Field Token="67108911" Name="TOLERANCE" />
<Type Token="33554451" Name="PGA.SV30MOffset.Program/&lt;&gt;c__DisplayClass52_0" />
<Method Token="100663440" Name=".ctor" Variables="this;" ParamCnt="1" />
<Method Token="100663441" Name="&lt;SubstractRegions&gt;b__1" Variables="this;v;" ParamCnt="2" />
<Field Token="67108912" Name="outer" />
<Type Token="33554452" Name="PGA.SV30MOffset.Program/&lt;&gt;c__DisplayClass53_0" />
<Method Token="100663442" Name=".ctor" Variables="this;" ParamCnt="1" />
<Method Token="100663443" Name="&lt;DeleteOperations&gt;b__0" Variables="this;p;" ParamCnt="2" />
<Field Token="67108913" Name="o" />
<Type Token="33554453" Name="PGA.SV30MOffset.Program/&lt;&gt;c__DisplayClass57_0" />
<Method Token="100663444" Name=".ctor" Variables="this;" ParamCnt="1" />
<Method Token="100663445" Name="&lt;GetHandlesbyAreaLayer&gt;b__0" Variables="this;p;" ParamCnt="2" />
<Field Token="67108914" Name="r" />
<Type Token="33554455" Name="PGA.SV30MOffset.Program/&lt;&gt;c__DisplayClass58_0" />
<Method Token="100663453" Name=".ctor" Variables="this;" ParamCnt="1" />
<Method Token="100663454" Name="&lt;GetInnersbyHandle&gt;b__0" Variables="this;p;" ParamCnt="2" />
<Field Token="67108921" Name="handle" />
<Type Token="33554456" Name="PGA.SV30MOffset.RegionConversion/Commands" />
<Method Token="100663455" Name=".ctor" Variables="this;" ParamCnt="1" />
<Method Token="100663456" Name="RegionToPolyline" Variables="regId;doc;db;ed;tr;V_4;bt;btr;reg;V_8;objs;V_10;ent;V_12;" ParamCnt="1" />
<Method Token="100663457" Name="PolylineFromRegion" Variables="reg;res;cvs;pl;V_3;finished;cvCnt;nonCvCnt;fstCvIdx;i;tmpCv;V_10;V_11;V_12;V_13;V_14;fstCv;p;nextPt;prevCnt;V_19;V_20;obj;cv;V_23;V_24;bulge;V_26;V_27;V_28;V_29;V_30;V_31;V_32;obj;subReg;V_35;subRes;V_37;o;V_39;V_40;V_41;" ParamCnt="1" />
<Method Token="100663458" Name="BulgeFromCurve" Variables="cv;clockwise;bulge;a;V_2;newStart;V_4;V_5;V_6;" ParamCnt="2" />
<Type Token="33554435" Name="A.AssemblyInfoAttribute" />
<Method Token="100663306" Name="" Variables="this;str;" ParamCnt="2" />
</Assembly><File OldName="C:\Users\m4800\Documents\Visual Studio 2015\Projects\PGA.SV30MOffset\PGA.SV30MOffset\Active.cs" NewName="File0" />
<File OldName="C:\Users\m4800\Documents\Visual Studio 2015\Projects\PGA.SV30MOffset\PGA.SV30MOffset\HatchPolyline.cs" NewName="File1" />
<File OldName="C:\Users\m4800\Documents\Visual Studio 2015\Projects\PGA.SV30MOffset\PGA.SV30MOffset\OffsetPolylines.cs" NewName="File2" />
<File OldName="C:\Users\m4800\Documents\Visual Studio 2015\Projects\PGA.SV30MOffset\PGA.SV30MOffset\Program.cs" NewName="File3" />
<File OldName="C:\Users\m4800\Documents\Visual Studio 2015\Projects\PGA.SV30MOffset\PGA.SV30MOffset\RegionConversion.cs" NewName="File4" />
</Mappings>